// Jest Snapshot v1, https://goo.gl/fbAQLP

exports[`Footer renders correctly 1`] = `
<div
  className="sc-bdVaJa bcBbJh"
>
  <div
    className="sc-bwzfXH iOMFMW"
  >
    Made at 
    <a
      className="sc-htpNat bFVrkX"
      href="#"
      rel="noopener noreferrer"
      target="_blank"
    >
      here
    </a>
     from Thailand
    <br />
    Make change at 
    <a
      className="sc-htpNat bFVrkX"
      href="https://github.com/bluenex/gatsby-starter-bluenex/"
      rel="noopener noreferrer"
      target="_blank"
    >
      bluenex/gatsby-starter-bluenex
    </a>
  </div>
</div>
`;
